student@student-Standard-PC-i440FX-PIIX-1996:~/Desktop/Project$ ping 10.10.1.7
PING 10.10.1.7 (10.10.1.7) 56(84) bytes of data.
64 bytes from 10.10.1.7: icmp_seq=3 ttl=64 time=3.09 ms
64 bytes from 10.10.1.7: icmp_seq=4 ttl=64 time=1.56 ms
64 bytes from 10.10.1.7: icmp_seq=5 ttl=64 time=1.51 ms
^X64 bytes from 10.10.1.7: icmp_seq=6 ttl=64 time=1.49 ms
64 bytes from 10.10.1.7: icmp_seq=7 ttl=64 time=1.40 ms
64 bytes from 10.10.1.7: icmp_seq=8 ttl=64 time=1.57 ms
64 bytes from 10.10.1.7: icmp_seq=9 ttl=64 time=1.54 ms
64 bytes from 10.10.1.7: icmp_seq=10 ttl=64 time=1.30 ms
64 bytes from 10.10.1.7: icmp_seq=11 ttl=64 time=1.69 ms
64 bytes from 10.10.1.7: icmp_seq=12 ttl=64 time=1.76 ms
64 bytes from 10.10.1.7: icmp_seq=13 ttl=64 time=1.74 ms
^X64 bytes from 10.10.1.7: icmp_seq=14 ttl=64 time=1.57 ms
64 bytes from 10.10.1.7: icmp_seq=15 ttl=64 time=1.34 ms
64 bytes from 10.10.1.7: icmp_seq=16 ttl=64 time=1.42 ms
^X64 bytes from 10.10.1.7: icmp_seq=17 ttl=64 time=1.55 ms
^C
--- 10.10.1.7 ping statistics ---
17 packets transmitted, 15 received, 11.7647% packet loss, time 16052ms
rtt min/avg/max/mdev = 1.301/1.634/3.093/0.410 ms
student@student-Standard-PC-i440FX-PIIX-1996:~/Desktop/Project$ ansible -i CompleteInventory.yaml windows_desktops - win_ping
usage: ansible [-h] [--version] [-v] [-b] [--become-method BECOME_METHOD]
               [--become-user BECOME_USER]
               [-K | --become-password-file BECOME_PASSWORD_FILE]
               [-i INVENTORY] [--list-hosts] [-l SUBSET] [-P POLL_INTERVAL]
               [-B SECONDS] [-o] [-t TREE] [--private-key PRIVATE_KEY_FILE]
               [-u REMOTE_USER] [-c CONNECTION] [-T TIMEOUT]
               [--ssh-common-args SSH_COMMON_ARGS]
               [--sftp-extra-args SFTP_EXTRA_ARGS]
               [--scp-extra-args SCP_EXTRA_ARGS]
               [--ssh-extra-args SSH_EXTRA_ARGS]
               [-k | --connection-password-file CONNECTION_PASSWORD_FILE] [-C]
               [--syntax-check] [-D] [-e EXTRA_VARS] [--vault-id VAULT_IDS]
               [--ask-vault-password | --vault-password-file VAULT_PASSWORD_FILES]
               [-f FORKS] [-M MODULE_PATH] [--playbook-dir BASEDIR]
               [--task-timeout TASK_TIMEOUT] [-a MODULE_ARGS] [-m MODULE_NAME]
               pattern
ansible: error: unrecognized arguments: - win_ping
 
usage: ansible [-h] [--version] [-v] [-b] [--become-method BECOME_METHOD]
               [--become-user BECOME_USER]
               [-K | --become-password-file BECOME_PASSWORD_FILE]
               [-i INVENTORY] [--list-hosts] [-l SUBSET] [-P POLL_INTERVAL]
               [-B SECONDS] [-o] [-t TREE] [--private-key PRIVATE_KEY_FILE]
               [-u REMOTE_USER] [-c CONNECTION] [-T TIMEOUT]
               [--ssh-common-args SSH_COMMON_ARGS]
               [--sftp-extra-args SFTP_EXTRA_ARGS]
               [--scp-extra-args SCP_EXTRA_ARGS]
               [--ssh-extra-args SSH_EXTRA_ARGS]
               [-k | --connection-password-file CONNECTION_PASSWORD_FILE] [-C]
               [--syntax-check] [-D] [-e EXTRA_VARS] [--vault-id VAULT_IDS]
               [--ask-vault-password | --vault-password-file VAULT_PASSWORD_FILES]
               [-f FORKS] [-M MODULE_PATH] [--playbook-dir BASEDIR]
               [--task-timeout TASK_TIMEOUT] [-a MODULE_ARGS] [-m MODULE_NAME]
               pattern

Define and run a single task 'playbook' against a set of hosts

positional arguments:
  pattern               host pattern

optional arguments:
  --ask-vault-password, --ask-vault-pass
                        ask for vault password
  --become-password-file BECOME_PASSWORD_FILE, --become-pass-file BECOME_PASSWORD_FILE
                        Become password file
  --connection-password-file CONNECTION_PASSWORD_FILE, --conn-pass-file CONNECTION_PASSWORD_FILE
                        Connection password file
  --list-hosts          outputs a list of matching hosts; does not execute
                        anything else
  --playbook-dir BASEDIR
                        Since this tool does not use playbooks, use this as a
                        substitute playbook directory. This sets the relative
                        path for many features including roles/ group_vars/
                        etc.
  --syntax-check        perform a syntax check on the playbook, but do not
                        execute it
  --task-timeout TASK_TIMEOUT
                        set task timeout limit in seconds, must be positive
                        integer.
  --vault-id VAULT_IDS  the vault identity to use
  --vault-password-file VAULT_PASSWORD_FILES, --vault-pass-file VAULT_PASSWORD_FILES
                        vault password file
  --version             show program's version number, config file location,
                        configured module search path, module location,
                        executable location and exit
  -B SECONDS, --background SECONDS
                        run asynchronously, failing after X seconds
                        (default=N/A)
  -C, --check           don't make any changes; instead, try to predict some
                        of the changes that may occur
  -D, --diff            when changing (small) files and templates, show the
                        differences in those files; works great with --check
  -K, --ask-become-pass
                        ask for privilege escalation password
  -M MODULE_PATH, --module-path MODULE_PATH
                        prepend colon-separated path(s) to module library (def
                        ault=~/.ansible/plugins/modules:/usr/share/ansible/plu
                        gins/modules)
  -P POLL_INTERVAL, --poll POLL_INTERVAL
                        set the poll interval if using -B (default=15)
  -a MODULE_ARGS, --args MODULE_ARGS
                        The action's options in space separated k=v format: -a
                        'opt1=val1 opt2=val2'
  -e EXTRA_VARS, --extra-vars EXTRA_VARS
                        set additional variables as key=value or YAML/JSON, if
                        filename prepend with @
  -f FORKS, --forks FORKS
                        specify number of parallel processes to use
                        (default=5)
  -h, --help            show this help message and exit
  -i INVENTORY, --inventory INVENTORY, --inventory-file INVENTORY
                        specify inventory host path or comma separated host
                        list. --inventory-file is deprecated
  -k, --ask-pass        ask for connection password
  -l SUBSET, --limit SUBSET
                        further limit selected hosts to an additional pattern
  -m MODULE_NAME, --module-name MODULE_NAME
                        Name of the action to execute (default=command)
  -o, --one-line        condense output
  -t TREE, --tree TREE  log output to this directory
  -v, --verbose         Causes Ansible to print more debug messages. Adding
                        multiple -v will increase the verbosity, the builtin
                        plugins currently evaluate up to -vvvvvv. A reasonable
                        level to start is -vvv, connection debugging might
                        require -vvvv.

Privilege Escalation Options:
  control how and which user you become as on target hosts

  --become-method BECOME_METHOD
                        privilege escalation method to use (default=sudo), use
                        `ansible-doc -t become -l` to list valid choices.
  --become-user BECOME_USER
                        run operations as this user (default=root)
  -b, --become          run operations with become (does not imply password
                        prompting)

Connection Options:
  control as whom and how to connect to hosts

  --private-key PRIVATE_KEY_FILE, --key-file PRIVATE_KEY_FILE
                        use this file to authenticate the connection
  --scp-extra-args SCP_EXTRA_ARGS
                        specify extra arguments to pass to scp only (e.g. -l)
  --sftp-extra-args SFTP_EXTRA_ARGS
                        specify extra arguments to pass to sftp only (e.g. -f,
                        -l)
  --ssh-common-args SSH_COMMON_ARGS
                        specify common arguments to pass to sftp/scp/ssh (e.g.
                        ProxyCommand)
  --ssh-extra-args SSH_EXTRA_ARGS
                        specify extra arguments to pass to ssh only (e.g. -R)
  -T TIMEOUT, --timeout TIMEOUT
                        override the connection timeout in seconds
                        (default=60)
  -c CONNECTION, --connection CONNECTION
                        connection type to use (default=smart)
  -u REMOTE_USER, --user REMOTE_USER
                        connect as this user (default=None)

Some actions do not make sense in Ad-Hoc (include, meta, etc)
student@student-Standard-PC-i440FX-PIIX-1996:~/Desktop/Project$ ansible -i CompleteInventory.yaml windows_desktops - win-ping
usage: ansible [-h] [--version] [-v] [-b] [--become-method BECOME_METHOD]
               [--become-user BECOME_USER]
               [-K | --become-password-file BECOME_PASSWORD_FILE]
               [-i INVENTORY] [--list-hosts] [-l SUBSET] [-P POLL_INTERVAL]
               [-B SECONDS] [-o] [-t TREE] [--private-key PRIVATE_KEY_FILE]
               [-u REMOTE_USER] [-c CONNECTION] [-T TIMEOUT]
               [--ssh-common-args SSH_COMMON_ARGS]
               [--sftp-extra-args SFTP_EXTRA_ARGS]
               [--scp-extra-args SCP_EXTRA_ARGS]
               [--ssh-extra-args SSH_EXTRA_ARGS]
               [-k | --connection-password-file CONNECTION_PASSWORD_FILE] [-C]
               [--syntax-check] [-D] [-e EXTRA_VARS] [--vault-id VAULT_IDS]
               [--ask-vault-password | --vault-password-file VAULT_PASSWORD_FILES]
               [-f FORKS] [-M MODULE_PATH] [--playbook-dir BASEDIR]
               [--task-timeout TASK_TIMEOUT] [-a MODULE_ARGS] [-m MODULE_NAME]
               pattern
ansible: error: unrecognized arguments: - win-ping
 
usage: ansible [-h] [--version] [-v] [-b] [--become-method BECOME_METHOD]
               [--become-user BECOME_USER]
               [-K | --become-password-file BECOME_PASSWORD_FILE]
               [-i INVENTORY] [--list-hosts] [-l SUBSET] [-P POLL_INTERVAL]
               [-B SECONDS] [-o] [-t TREE] [--private-key PRIVATE_KEY_FILE]
               [-u REMOTE_USER] [-c CONNECTION] [-T TIMEOUT]
               [--ssh-common-args SSH_COMMON_ARGS]
               [--sftp-extra-args SFTP_EXTRA_ARGS]
               [--scp-extra-args SCP_EXTRA_ARGS]
               [--ssh-extra-args SSH_EXTRA_ARGS]
               [-k | --connection-password-file CONNECTION_PASSWORD_FILE] [-C]
               [--syntax-check] [-D] [-e EXTRA_VARS] [--vault-id VAULT_IDS]
               [--ask-vault-password | --vault-password-file VAULT_PASSWORD_FILES]
               [-f FORKS] [-M MODULE_PATH] [--playbook-dir BASEDIR]
               [--task-timeout TASK_TIMEOUT] [-a MODULE_ARGS] [-m MODULE_NAME]
               pattern

Define and run a single task 'playbook' against a set of hosts

positional arguments:
  pattern               host pattern

optional arguments:
  --ask-vault-password, --ask-vault-pass
                        ask for vault password
  --become-password-file BECOME_PASSWORD_FILE, --become-pass-file BECOME_PASSWORD_FILE
                        Become password file
  --connection-password-file CONNECTION_PASSWORD_FILE, --conn-pass-file CONNECTION_PASSWORD_FILE
                        Connection password file
  --list-hosts          outputs a list of matching hosts; does not execute
                        anything else
  --playbook-dir BASEDIR
                        Since this tool does not use playbooks, use this as a
                        substitute playbook directory. This sets the relative
                        path for many features including roles/ group_vars/
                        etc.
  --syntax-check        perform a syntax check on the playbook, but do not
                        execute it
  --task-timeout TASK_TIMEOUT
                        set task timeout limit in seconds, must be positive
                        integer.
  --vault-id VAULT_IDS  the vault identity to use
  --vault-password-file VAULT_PASSWORD_FILES, --vault-pass-file VAULT_PASSWORD_FILES
                        vault password file
  --version             show program's version number, config file location,
                        configured module search path, module location,
                        executable location and exit
  -B SECONDS, --background SECONDS
                        run asynchronously, failing after X seconds
                        (default=N/A)
  -C, --check           don't make any changes; instead, try to predict some
                        of the changes that may occur
  -D, --diff            when changing (small) files and templates, show the
                        differences in those files; works great with --check
  -K, --ask-become-pass
                        ask for privilege escalation password
  -M MODULE_PATH, --module-path MODULE_PATH
                        prepend colon-separated path(s) to module library (def
                        ault=~/.ansible/plugins/modules:/usr/share/ansible/plu
                        gins/modules)
  -P POLL_INTERVAL, --poll POLL_INTERVAL
                        set the poll interval if using -B (default=15)
  -a MODULE_ARGS, --args MODULE_ARGS
                        The action's options in space separated k=v format: -a
                        'opt1=val1 opt2=val2'
  -e EXTRA_VARS, --extra-vars EXTRA_VARS
                        set additional variables as key=value or YAML/JSON, if
                        filename prepend with @
  -f FORKS, --forks FORKS
                        specify number of parallel processes to use
                        (default=5)
  -h, --help            show this help message and exit
  -i INVENTORY, --inventory INVENTORY, --inventory-file INVENTORY
                        specify inventory host path or comma separated host
                        list. --inventory-file is deprecated
  -k, --ask-pass        ask for connection password
  -l SUBSET, --limit SUBSET
                        further limit selected hosts to an additional pattern
  -m MODULE_NAME, --module-name MODULE_NAME
                        Name of the action to execute (default=command)
  -o, --one-line        condense output
  -t TREE, --tree TREE  log output to this directory
  -v, --verbose         Causes Ansible to print more debug messages. Adding
                        multiple -v will increase the verbosity, the builtin
                        plugins currently evaluate up to -vvvvvv. A reasonable
                        level to start is -vvv, connection debugging might
                        require -vvvv.

Privilege Escalation Options:
  control how and which user you become as on target hosts

  --become-method BECOME_METHOD
                        privilege escalation method to use (default=sudo), use
                        `ansible-doc -t become -l` to list valid choices.
  --become-user BECOME_USER
                        run operations as this user (default=root)
  -b, --become          run operations with become (does not imply password
                        prompting)

Connection Options:
  control as whom and how to connect to hosts

  --private-key PRIVATE_KEY_FILE, --key-file PRIVATE_KEY_FILE
                        use this file to authenticate the connection
  --scp-extra-args SCP_EXTRA_ARGS
                        specify extra arguments to pass to scp only (e.g. -l)
  --sftp-extra-args SFTP_EXTRA_ARGS
                        specify extra arguments to pass to sftp only (e.g. -f,
                        -l)
  --ssh-common-args SSH_COMMON_ARGS
                        specify common arguments to pass to sftp/scp/ssh (e.g.
                        ProxyCommand)
  --ssh-extra-args SSH_EXTRA_ARGS
                        specify extra arguments to pass to ssh only (e.g. -R)
  -T TIMEOUT, --timeout TIMEOUT
                        override the connection timeout in seconds
                        (default=60)
  -c CONNECTION, --connection CONNECTION
                        connection type to use (default=smart)
  -u REMOTE_USER, --user REMOTE_USER
                        connect as this user (default=None)

Some actions do not make sense in Ad-Hoc (include, meta, etc)
student@student-Standard-PC-i440FX-PIIX-1996:~/Desktop/Project$ ansible -i CompleteInventory.yaml windows_desktops - win_ping
usage: ansible [-h] [--version] [-v] [-b] [--become-method BECOME_METHOD]
               [--become-user BECOME_USER]
               [-K | --become-password-file BECOME_PASSWORD_FILE]
               [-i INVENTORY] [--list-hosts] [-l SUBSET] [-P POLL_INTERVAL]
               [-B SECONDS] [-o] [-t TREE] [--private-key PRIVATE_KEY_FILE]
               [-u REMOTE_USER] [-c CONNECTION] [-T TIMEOUT]
               [--ssh-common-args SSH_COMMON_ARGS]
               [--sftp-extra-args SFTP_EXTRA_ARGS]
               [--scp-extra-args SCP_EXTRA_ARGS]
               [--ssh-extra-args SSH_EXTRA_ARGS]
               [-k | --connection-password-file CONNECTION_PASSWORD_FILE] [-C]
               [--syntax-check] [-D] [-e EXTRA_VARS] [--vault-id VAULT_IDS]
               [--ask-vault-password | --vault-password-file VAULT_PASSWORD_FILES]
               [-f FORKS] [-M MODULE_PATH] [--playbook-dir BASEDIR]
               [--task-timeout TASK_TIMEOUT] [-a MODULE_ARGS] [-m MODULE_NAME]
               pattern
ansible: error: unrecognized arguments: - win_ping
 
usage: ansible [-h] [--version] [-v] [-b] [--become-method BECOME_METHOD]
               [--become-user BECOME_USER]
               [-K | --become-password-file BECOME_PASSWORD_FILE]
               [-i INVENTORY] [--list-hosts] [-l SUBSET] [-P POLL_INTERVAL]
               [-B SECONDS] [-o] [-t TREE] [--private-key PRIVATE_KEY_FILE]
               [-u REMOTE_USER] [-c CONNECTION] [-T TIMEOUT]
               [--ssh-common-args SSH_COMMON_ARGS]
               [--sftp-extra-args SFTP_EXTRA_ARGS]
               [--scp-extra-args SCP_EXTRA_ARGS]
               [--ssh-extra-args SSH_EXTRA_ARGS]
               [-k | --connection-password-file CONNECTION_PASSWORD_FILE] [-C]
               [--syntax-check] [-D] [-e EXTRA_VARS] [--vault-id VAULT_IDS]
               [--ask-vault-password | --vault-password-file VAULT_PASSWORD_FILES]
               [-f FORKS] [-M MODULE_PATH] [--playbook-dir BASEDIR]
               [--task-timeout TASK_TIMEOUT] [-a MODULE_ARGS] [-m MODULE_NAME]
               pattern

Define and run a single task 'playbook' against a set of hosts

positional arguments:
  pattern               host pattern

optional arguments:
  --ask-vault-password, --ask-vault-pass
                        ask for vault password
  --become-password-file BECOME_PASSWORD_FILE, --become-pass-file BECOME_PASSWORD_FILE
                        Become password file
  --connection-password-file CONNECTION_PASSWORD_FILE, --conn-pass-file CONNECTION_PASSWORD_FILE
                        Connection password file
  --list-hosts          outputs a list of matching hosts; does not execute
                        anything else
  --playbook-dir BASEDIR
                        Since this tool does not use playbooks, use this as a
                        substitute playbook directory. This sets the relative
                        path for many features including roles/ group_vars/
                        etc.
  --syntax-check        perform a syntax check on the playbook, but do not
                        execute it
  --task-timeout TASK_TIMEOUT
                        set task timeout limit in seconds, must be positive
                        integer.
  --vault-id VAULT_IDS  the vault identity to use
  --vault-password-file VAULT_PASSWORD_FILES, --vault-pass-file VAULT_PASSWORD_FILES
                        vault password file
  --version             show program's version number, config file location,
                        configured module search path, module location,
                        executable location and exit
  -B SECONDS, --background SECONDS
                        run asynchronously, failing after X seconds
                        (default=N/A)
  -C, --check           don't make any changes; instead, try to predict some
                        of the changes that may occur
  -D, --diff            when changing (small) files and templates, show the
                        differences in those files; works great with --check
  -K, --ask-become-pass
                        ask for privilege escalation password
  -M MODULE_PATH, --module-path MODULE_PATH
                        prepend colon-separated path(s) to module library (def
                        ault=~/.ansible/plugins/modules:/usr/share/ansible/plu
                        gins/modules)
  -P POLL_INTERVAL, --poll POLL_INTERVAL
                        set the poll interval if using -B (default=15)
  -a MODULE_ARGS, --args MODULE_ARGS
                        The action's options in space separated k=v format: -a
                        'opt1=val1 opt2=val2'
  -e EXTRA_VARS, --extra-vars EXTRA_VARS
                        set additional variables as key=value or YAML/JSON, if
                        filename prepend with @
  -f FORKS, --forks FORKS
                        specify number of parallel processes to use
                        (default=5)
  -h, --help            show this help message and exit
  -i INVENTORY, --inventory INVENTORY, --inventory-file INVENTORY
                        specify inventory host path or comma separated host
                        list. --inventory-file is deprecated
  -k, --ask-pass        ask for connection password
  -l SUBSET, --limit SUBSET
                        further limit selected hosts to an additional pattern
  -m MODULE_NAME, --module-name MODULE_NAME
                        Name of the action to execute (default=command)
  -o, --one-line        condense output
  -t TREE, --tree TREE  log output to this directory
  -v, --verbose         Causes Ansible to print more debug messages. Adding
                        multiple -v will increase the verbosity, the builtin
                        plugins currently evaluate up to -vvvvvv. A reasonable
                        level to start is -vvv, connection debugging might
                        require -vvvv.

Privilege Escalation Options:
  control how and which user you become as on target hosts

  --become-method BECOME_METHOD
                        privilege escalation method to use (default=sudo), use
                        `ansible-doc -t become -l` to list valid choices.
  --become-user BECOME_USER
                        run operations as this user (default=root)
  -b, --become          run operations with become (does not imply password
                        prompting)

Connection Options:
  control as whom and how to connect to hosts

  --private-key PRIVATE_KEY_FILE, --key-file PRIVATE_KEY_FILE
                        use this file to authenticate the connection
  --scp-extra-args SCP_EXTRA_ARGS
                        specify extra arguments to pass to scp only (e.g. -l)
  --sftp-extra-args SFTP_EXTRA_ARGS
                        specify extra arguments to pass to sftp only (e.g. -f,
                        -l)
  --ssh-common-args SSH_COMMON_ARGS
                        specify common arguments to pass to sftp/scp/ssh (e.g.
                        ProxyCommand)
  --ssh-extra-args SSH_EXTRA_ARGS
                        specify extra arguments to pass to ssh only (e.g. -R)
  -T TIMEOUT, --timeout TIMEOUT
                        override the connection timeout in seconds
                        (default=60)
  -c CONNECTION, --connection CONNECTION
                        connection type to use (default=smart)
  -u REMOTE_USER, --user REMOTE_USER
                        connect as this user (default=None)

Some actions do not make sense in Ad-Hoc (include, meta, etc)
student@student-Standard-PC-i440FX-PIIX-1996:~/Desktop/Project$ ansible -i CompleteInventory.yaml test_boxes -m ping
test_box_mgmt | SUCCESS => {
    "changed": false,
    "ping": "pong"
}
test_box_acct | SUCCESS => {
    "changed": false,
    "ping": "pong"
}
student@student-Standard-PC-i440FX-PIIX-1996:~/Desktop/Project$ ansible -i CompleteInventory.yaml windows_desktops -m ping
workstation3 | UNREACHABLE! => {
    "changed": false,
    "msg": "ntlm: HTTPSConnectionPool(host='10.10.1.43', port=5986): Max retries exceeded with url: /wsman (Caused by ConnectTimeoutError(<urllib3.connection.VerifiedHTTPSConnection object at 0x7f658c42d370>, 'Connection to 10.10.1.43 timed out. (connect timeout=30)'))",
    "unreachable": true
}
workstation2 | UNREACHABLE! => {
    "changed": false,
    "msg": "ntlm: HTTPSConnectionPool(host='10.10.1.36', port=5986): Max retries exceeded with url: /wsman (Caused by ConnectTimeoutError(<urllib3.connection.VerifiedHTTPSConnection object at 0x7f658c42c1f0>, 'Connection to 10.10.1.36 timed out. (connect timeout=30)'))",
    "unreachable": true
}
workstation4 | UNREACHABLE! => {
    "changed": false,
    "msg": "ntlm: HTTPSConnectionPool(host='10.10.1.29', port=5986): Max retries exceeded with url: /wsman (Caused by ConnectTimeoutError(<urllib3.connection.VerifiedHTTPSConnection object at 0x7f658c42e4f0>, 'Connection to 10.10.1.29 timed out. (connect timeout=30)'))",
    "unreachable": true
}
workstation1 | UNREACHABLE! => {
    "changed": false,
    "msg": "ntlm: HTTPSConnectionPool(host='10.10.1.35', port=5986): Max retries exceeded with url: /wsman (Caused by ConnectTimeoutError(<urllib3.connection.VerifiedHTTPSConnection object at 0x7f658d9ca970>, 'Connection to 10.10.1.35 timed out. (connect timeout=30)'))",
    "unreachable": true
}
student@student-Standard-PC-i440FX-PIIX-1996:~/Desktop/Project$ ping 10.10.1.35
PING 10.10.1.35 (10.10.1.35) 56(84) bytes of data.
64 bytes from 10.10.1.35: icmp_seq=1 ttl=128 time=2.51 ms
64 bytes from 10.10.1.35: icmp_seq=2 ttl=128 time=2.42 ms
^C
--- 10.10.1.35 ping statistics ---
2 packets transmitted, 2 received, 0% packet loss, time 1002ms
rtt min/avg/max/mdev = 2.420/2.466/2.513/0.046 ms
student@student-Standard-PC-i440FX-PIIX-1996:~/Desktop/Project$ ping 10.10.1.36
PING 10.10.1.36 (10.10.1.36) 56(84) bytes of data.
64 bytes from 10.10.1.36: icmp_seq=1 ttl=128 time=2.99 ms
64 bytes from 10.10.1.36: icmp_seq=2 ttl=128 time=2.85 ms
^C
--- 10.10.1.36 ping statistics ---
2 packets transmitted, 2 received, 0% packet loss, time 1001ms
rtt min/avg/max/mdev = 2.849/2.917/2.986/0.068 ms
student@student-Standard-PC-i440FX-PIIX-1996:~/Desktop/Project$ 
